
> workspace@0.0.0 build
> npm run typecheck && npm run build --workspaces --if-present


> workspace@0.0.0 typecheck
> npm run typecheck:libs && npm run typecheck --workspaces --if-present


> workspace@0.0.0 typecheck:libs
> tsc --build


> @workspace/api-server@0.0.0 typecheck
> tsc -p tsconfig.json --noEmit


> @workspace/mockup-sandbox@2.0.0 typecheck
> tsc -p tsconfig.json --noEmit


> @workspace/petuk@0.0.0 typecheck
> tsc -p tsconfig.json --noEmit


> @workspace/scripts@0.0.0 typecheck
> tsc -p tsconfig.json --noEmit


> @workspace/api-server@0.0.0 build
> node ./build.mjs


  dist/index.mjs                       2.7mb ⚠️
  dist/pino-worker.mjs               150.9kb
  dist/pino-file.mjs                 139.8kb
  dist/pino-pretty.mjs               111.3kb
  dist/thread-stream-worker.mjs        7.1kb
  dist/index.mjs.map                   4.7mb
  dist/pino-worker.mjs.map           255.6kb
  dist/pino-file.mjs.map             227.9kb
  dist/pino-pretty.mjs.map           201.9kb
  dist/thread-stream-worker.mjs.map   11.9kb

⚡ Done in 885ms

> @workspace/mockup-sandbox@2.0.0 build
> vite build

vite v7.3.6 building client environment for production...
transforming...
✓ 30 modules transformed.
rendering chunks...
computing gzip size...
dist/index.html                   4.42 kB │ gzip:  1.23 kB
dist/assets/index-C4GxwS3y.css   88.37 kB │ gzip: 14.82 kB
dist/assets/index-CqOx4XgY.js   187.72 kB │ gzip: 59.51 kB
✓ built in 2.94s

> @workspace/petuk@0.0.0 build
> vite build --config vite.config.ts

vite v7.3.6 building client environment for production...
transforming...
src/components/ui/tooltip.tsx (2:0): Error when using sourcemap for reporting an error: Can't resolve original location of error.
✓ 2141 modules transformed.
rendering chunks...
computing gzip size...
dist/public/index.html                   1.41 kB │ gzip:   0.55 kB
dist/public/assets/index-CRr1m0gR.css  117.56 kB │ gzip:  19.39 kB
dist/public/assets/index-DXSZbqVQ.js   525.36 kB │ gzip: 152.04 kB

(!) Some chunks are larger than 500 kB after minification. Consider:
- Using dynamic import() to code-split the application
- Use build.rollupOptions.output.manualChunks to improve chunking: https://rollupjs.org/configuration-options/#output-manualchunks
- Adjust chunk size limit for this warning via build.chunkSizeWarningLimit.
✓ built in 13.79s
